Archive member included because of file (symbol)

c:/program files/atmel/avr tools/avr toolchain/bin/../lib/gcc/avr/4.4.3/avr25\libgcc.a(_exit.o)
                              c:/program files/atmel/avr tools/avr toolchain/bin/../lib/gcc/avr/4.4.3/../../../../avr/lib/avr25/crttn2313.o (exit)
c:/program files/atmel/avr tools/avr toolchain/bin/../lib/gcc/avr/4.4.3/avr25\libgcc.a(_copy_data.o)
                              dccout.o (__do_copy_data)
c:/program files/atmel/avr tools/avr toolchain/bin/../lib/gcc/avr/4.4.3/avr25\libgcc.a(_clear_bss.o)
                              dccout.o (__do_clear_bss)

Allocating common symbols
Common symbol       size              file

Msg                 0x5               dccout.o
doi                 0xb               dccout.o
actualBaudRate      0x1               rs232.o
DCCIdle             0x5               dccout.o
pcc                 0x7               parser.o
NextMessage         0x5               dccout.o

Memory Configuration

Name             Origin             Length             Attributes
text             0x00000000         0x00002000         xr
data             0x00800060         0x0000ffa0         rw !x
eeprom           0x00810000         0x00010000         rw !x
fuse             0x00820000         0x00000400         rw !x
lock             0x00830000         0x00000400         rw !x
signature        0x00840000         0x00000400         rw !x
*default*        0x00000000         0xffffffff

Linker script and memory map

LOAD c:/program files/atmel/avr tools/avr toolchain/bin/../lib/gcc/avr/4.4.3/../../../../avr/lib/avr25/crttn2313.o
LOAD Typhoon.o
LOAD dccout.o
LOAD rs232.o
LOAD parser.o
LOAD state.o
LOAD c:/program files/atmel/avr tools/avr toolchain/bin/../lib/gcc/avr/4.4.3/avr25\libgcc.a
LOAD c:/program files/atmel/avr tools/avr toolchain/bin/../lib/gcc/avr/4.4.3/../../../../avr/lib/avr25\libc.a
LOAD c:/program files/atmel/avr tools/avr toolchain/bin/../lib/gcc/avr/4.4.3/avr25\libgcc.a

.hash
 *(.hash)

.dynsym
 *(.dynsym)

.dynstr
 *(.dynstr)

.gnu.version
 *(.gnu.version)

.gnu.version_d
 *(.gnu.version_d)

.gnu.version_r
 *(.gnu.version_r)

.rel.init
 *(.rel.init)

.rela.init
 *(.rela.init)

.rel.text
 *(.rel.text)
 *(.rel.text.*)
 *(.rel.gnu.linkonce.t*)

.rela.text
 *(.rela.text)
 *(.rela.text.*)
 *(.rela.gnu.linkonce.t*)

.rel.fini
 *(.rel.fini)

.rela.fini
 *(.rela.fini)

.rel.rodata
 *(.rel.rodata)
 *(.rel.rodata.*)
 *(.rel.gnu.linkonce.r*)

.rela.rodata
 *(.rela.rodata)
 *(.rela.rodata.*)
 *(.rela.gnu.linkonce.r*)

.rel.data
 *(.rel.data)
 *(.rel.data.*)
 *(.rel.gnu.linkonce.d*)

.rela.data
 *(.rela.data)
 *(.rela.data.*)
 *(.rela.gnu.linkonce.d*)

.rel.ctors
 *(.rel.ctors)

.rela.ctors
 *(.rela.ctors)

.rel.dtors
 *(.rel.dtors)

.rela.dtors
 *(.rela.dtors)

.rel.got
 *(.rel.got)

.rela.got
 *(.rela.got)

.rel.bss
 *(.rel.bss)

.rela.bss
 *(.rela.bss)

.rel.plt
 *(.rel.plt)

.rela.plt
 *(.rela.plt)

.text           0x00000000      0x514
 *(.vectors)
 .vectors       0x00000000       0x26 c:/program files/atmel/avr tools/avr toolchain/bin/../lib/gcc/avr/4.4.3/../../../../avr/lib/avr25/crttn2313.o
                0x00000000                __vector_default
                0x00000000                __vectors
 *(.vectors)
 *(.progmem.gcc*)
 *(.progmem*)
                0x00000026                . = ALIGN (0x2)
                0x00000026                __trampolines_start = .
 *(.trampolines)
 .trampolines   0x00000026        0x0 linker stubs
 *(.trampolines*)
                0x00000026                __trampolines_end = .
 *(.jumptables)
 *(.jumptables*)
 *(.lowtext)
 *(.lowtext*)
                0x00000026                __ctors_start = .
 *(.ctors)
                0x00000026                __ctors_end = .
                0x00000026                __dtors_start = .
 *(.dtors)
                0x00000026                __dtors_end = .
 SORT(*)(.ctors)
 SORT(*)(.dtors)
 *(.init0)
 .init0         0x00000026        0x0 c:/program files/atmel/avr tools/avr toolchain/bin/../lib/gcc/avr/4.4.3/../../../../avr/lib/avr25/crttn2313.o
                0x00000026                __init
 *(.init0)
 *(.init1)
 *(.init1)
 *(.init2)
 .init2         0x00000026        0x8 c:/program files/atmel/avr tools/avr toolchain/bin/../lib/gcc/avr/4.4.3/../../../../avr/lib/avr25/crttn2313.o
 *(.init2)
 *(.init3)
 *(.init3)
 *(.init4)
 .init4         0x0000002e       0x16 c:/program files/atmel/avr tools/avr toolchain/bin/../lib/gcc/avr/4.4.3/avr25\libgcc.a(_copy_data.o)
                0x0000002e                __do_copy_data
 .init4         0x00000044       0x10 c:/program files/atmel/avr tools/avr toolchain/bin/../lib/gcc/avr/4.4.3/avr25\libgcc.a(_clear_bss.o)
                0x00000044                __do_clear_bss
 *(.init4)
 *(.init5)
 *(.init5)
 *(.init6)
 *(.init6)
 *(.init7)
 *(.init7)
 *(.init8)
 *(.init8)
 *(.init9)
 .init9         0x00000054        0x4 c:/program files/atmel/avr tools/avr toolchain/bin/../lib/gcc/avr/4.4.3/../../../../avr/lib/avr25/crttn2313.o
 *(.init9)
 *(.text)
 .text          0x00000058        0x2 c:/program files/atmel/avr tools/avr toolchain/bin/../lib/gcc/avr/4.4.3/../../../../avr/lib/avr25/crttn2313.o
                0x00000058                __vector_1
                0x00000058                __vector_12
                0x00000058                __bad_interrupt
                0x00000058                __vector_6
                0x00000058                __vector_3
                0x00000058                __vector_11
                0x00000058                __vector_13
                0x00000058                __vector_17
                0x00000058                __vector_7
                0x00000058                __vector_5
                0x00000058                __vector_9
                0x00000058                __vector_2
                0x00000058                __vector_15
                0x00000058                __vector_8
                0x00000058                __vector_14
                0x00000058                __vector_10
                0x00000058                __vector_16
                0x00000058                __vector_18
 .text          0x0000005a       0x40 Typhoon.o
                0x0000005a                InitHardware
                0x0000007a                InitInterrupt
                0x00000082                main
 .text          0x0000009a      0x26e dccout.o
                0x0000009a                InitDCCOut
                0x000000de                DCCOutEnableRailcom
                0x000000e6                DCCOutDisableRailcom
                0x000000ec                DCCOutQueryRailcom
                0x000000f2                __vector_4
 .text          0x00000308       0xb8 rs232.o
                0x00000308                InitRS232
                0x00000392                USARTReadChar
                0x000003a2                USARTWriteChar
                0x000003aa                USARTWriteString
 .text          0x000003c0       0xd0 parser.o
                0x000003c0                ParseCommand
                0x00000452                RunParser
 .text          0x00000490       0x80 state.o
                0x00000490                CheckState
 .text          0x00000510        0x0 c:/program files/atmel/avr tools/avr toolchain/bin/../lib/gcc/avr/4.4.3/avr25\libgcc.a(_exit.o)
 .text          0x00000510        0x0 c:/program files/atmel/avr tools/avr toolchain/bin/../lib/gcc/avr/4.4.3/avr25\libgcc.a(_copy_data.o)
 .text          0x00000510        0x0 c:/program files/atmel/avr tools/avr toolchain/bin/../lib/gcc/avr/4.4.3/avr25\libgcc.a(_clear_bss.o)
                0x00000510                . = ALIGN (0x2)
 *(.text.*)
 .text.libgcc   0x00000510        0x0 c:/program files/atmel/avr tools/avr toolchain/bin/../lib/gcc/avr/4.4.3/avr25\libgcc.a(_exit.o)
 .text.libgcc   0x00000510        0x0 c:/program files/atmel/avr tools/avr toolchain/bin/../lib/gcc/avr/4.4.3/avr25\libgcc.a(_copy_data.o)
 .text.libgcc   0x00000510        0x0 c:/program files/atmel/avr tools/avr toolchain/bin/../lib/gcc/avr/4.4.3/avr25\libgcc.a(_clear_bss.o)
                0x00000510                . = ALIGN (0x2)
 *(.fini9)
 .fini9         0x00000510        0x0 c:/program files/atmel/avr tools/avr toolchain/bin/../lib/gcc/avr/4.4.3/avr25\libgcc.a(_exit.o)
                0x00000510                _exit
                0x00000510                exit
 *(.fini9)
 *(.fini8)
 *(.fini8)
 *(.fini7)
 *(.fini7)
 *(.fini6)
 *(.fini6)
 *(.fini5)
 *(.fini5)
 *(.fini4)
 *(.fini4)
 *(.fini3)
 *(.fini3)
 *(.fini2)
 *(.fini2)
 *(.fini1)
 *(.fini1)
 *(.fini0)
 .fini0         0x00000510        0x4 c:/program files/atmel/avr tools/avr toolchain/bin/../lib/gcc/avr/4.4.3/avr25\libgcc.a(_exit.o)
 *(.fini0)
                0x00000514                _etext = .

.data           0x00800060       0x2c load address 0x00000514
                0x00800060                PROVIDE (__data_start, .)
 *(.data)
 .data          0x00800060        0x0 c:/program files/atmel/avr tools/avr toolchain/bin/../lib/gcc/avr/4.4.3/../../../../avr/lib/avr25/crttn2313.o
 .data          0x00800060        0x0 Typhoon.o
 .data          0x00800060        0x4 dccout.o
 .data          0x00800064        0x0 rs232.o
 .data          0x00800064        0x4 parser.o
 .data          0x00800068       0x24 state.o
 .data          0x0080008c        0x0 c:/program files/atmel/avr tools/avr toolchain/bin/../lib/gcc/avr/4.4.3/avr25\libgcc.a(_exit.o)
 .data          0x0080008c        0x0 c:/program files/atmel/avr tools/avr toolchain/bin/../lib/gcc/avr/4.4.3/avr25\libgcc.a(_copy_data.o)
 .data          0x0080008c        0x0 c:/program files/atmel/avr tools/avr toolchain/bin/../lib/gcc/avr/4.4.3/avr25\libgcc.a(_clear_bss.o)
 *(.data*)
 *(.rodata)
 *(.rodata*)
 *(.gnu.linkonce.d*)
                0x0080008c                . = ALIGN (0x2)
                0x0080008c                _edata = .
                0x0080008c                PROVIDE (__data_end, .)

.bss            0x0080008c       0x26
                0x0080008c                PROVIDE (__bss_start, .)
 *(.bss)
 .bss           0x0080008c        0x0 c:/program files/atmel/avr tools/avr toolchain/bin/../lib/gcc/avr/4.4.3/../../../../avr/lib/avr25/crttn2313.o
 .bss           0x0080008c        0x0 Typhoon.o
 .bss           0x0080008c        0x1 dccout.o
                0x0080008c                NextMessageCount
 .bss           0x0080008d        0x0 rs232.o
 .bss           0x0080008d        0x2 parser.o
                0x0080008d                pccIdx
                0x0080008e                pccSize
 .bss           0x0080008f        0x1 state.o
                0x0080008f                ackDetect
 .bss           0x00800090        0x0 c:/program files/atmel/avr tools/avr toolchain/bin/../lib/gcc/avr/4.4.3/avr25\libgcc.a(_exit.o)
 .bss           0x00800090        0x0 c:/program files/atmel/avr tools/avr toolchain/bin/../lib/gcc/avr/4.4.3/avr25\libgcc.a(_copy_data.o)
 .bss           0x00800090        0x0 c:/program files/atmel/avr tools/avr toolchain/bin/../lib/gcc/avr/4.4.3/avr25\libgcc.a(_clear_bss.o)
 *(.bss*)
 *(COMMON)
 COMMON         0x00800090       0x1a dccout.o
                0x00800090                Msg
                0x00800095                doi
                0x008000a0                DCCIdle
                0x008000a5                NextMessage
 COMMON         0x008000aa        0x1 rs232.o
                0x008000aa                actualBaudRate
 COMMON         0x008000ab        0x7 parser.o
                0x008000ab                pcc
                0x008000b2                PROVIDE (__bss_end, .)
                0x00000514                __data_load_start = LOADADDR (.data)
                0x00000540                __data_load_end = (__data_load_start + SIZEOF (.data))

.noinit         0x008000b2        0x0
                0x008000b2                PROVIDE (__noinit_start, .)
 *(.noinit*)
                0x008000b2                PROVIDE (__noinit_end, .)
                0x008000b2                _end = .
                0x008000b2                PROVIDE (__heap_start, .)

.eeprom         0x00810000        0x0
 *(.eeprom*)
                0x00810000                __eeprom_end = .

.fuse
 *(.fuse)
 *(.lfuse)
 *(.hfuse)
 *(.efuse)

.lock
 *(.lock*)

.signature
 *(.signature*)

.stab           0x00000000      0x6b4
 *(.stab)
 .stab          0x00000000      0x6b4 c:/program files/atmel/avr tools/avr toolchain/bin/../lib/gcc/avr/4.4.3/../../../../avr/lib/avr25/crttn2313.o

.stabstr        0x00000000       0x85
 *(.stabstr)
 .stabstr       0x00000000       0x85 c:/program files/atmel/avr tools/avr toolchain/bin/../lib/gcc/avr/4.4.3/../../../../avr/lib/avr25/crttn2313.o

.stab.excl
 *(.stab.excl)

.stab.exclstr
 *(.stab.exclstr)

.stab.index
 *(.stab.index)

.stab.indexstr
 *(.stab.indexstr)

.comment
 *(.comment)

.debug
 *(.debug)

.line
 *(.line)

.debug_srcinfo
 *(.debug_srcinfo)

.debug_sfnames
 *(.debug_sfnames)

.debug_aranges  0x00000000       0xa0
 *(.debug_aranges)
 .debug_aranges
                0x00000000       0x20 Typhoon.o
 .debug_aranges
                0x00000020       0x20 dccout.o
 .debug_aranges
                0x00000040       0x20 rs232.o
 .debug_aranges
                0x00000060       0x20 parser.o
 .debug_aranges
                0x00000080       0x20 state.o

.debug_pubnames
                0x00000000      0x1e3
 *(.debug_pubnames)
 .debug_pubnames
                0x00000000       0x3e Typhoon.o
 .debug_pubnames
                0x0000003e       0xb9 dccout.o
 .debug_pubnames
                0x000000f7       0x6d rs232.o
 .debug_pubnames
                0x00000164       0x50 parser.o
 .debug_pubnames
                0x000001b4       0x2f state.o

.debug_info     0x00000000      0x817
 *(.debug_info)
 .debug_info    0x00000000       0xe7 Typhoon.o
 .debug_info    0x000000e7      0x2ec dccout.o
 .debug_info    0x000003d3      0x1c3 rs232.o
 .debug_info    0x00000596      0x15b parser.o
 .debug_info    0x000006f1      0x126 state.o
 *(.gnu.linkonce.wi.*)

.debug_abbrev   0x00000000      0x530
 *(.debug_abbrev)
 .debug_abbrev  0x00000000       0x9c Typhoon.o
 .debug_abbrev  0x0000009c      0x19a dccout.o
 .debug_abbrev  0x00000236      0x144 rs232.o
 .debug_abbrev  0x0000037a       0xf7 parser.o
 .debug_abbrev  0x00000471       0xbf state.o

.debug_line     0x00000000      0x95a
 *(.debug_line)
 .debug_line    0x00000000      0x10b Typhoon.o
 .debug_line    0x0000010b      0x296 dccout.o
 .debug_line    0x000003a1      0x243 rs232.o
 .debug_line    0x000005e4      0x195 parser.o
 .debug_line    0x00000779      0x1e1 state.o

.debug_frame    0x00000000      0x140
 *(.debug_frame)
 .debug_frame   0x00000000       0x40 Typhoon.o
 .debug_frame   0x00000040       0x60 dccout.o
 .debug_frame   0x000000a0       0x50 rs232.o
 .debug_frame   0x000000f0       0x30 parser.o
 .debug_frame   0x00000120       0x20 state.o

.debug_str      0x00000000      0x2ff
 *(.debug_str)
 .debug_str     0x00000000       0xe8 Typhoon.o
                                0x11c (size before relaxing)
 .debug_str     0x000000e8       0xfe dccout.o
                                0x1bf (size before relaxing)
 .debug_str     0x000001e6       0x79 rs232.o
                                0x176 (size before relaxing)
 .debug_str     0x0000025f       0x3a parser.o
                                0x108 (size before relaxing)
 .debug_str     0x00000299       0x66 state.o
                                 0xe8 (size before relaxing)

.debug_loc      0x00000000      0x139
 *(.debug_loc)
 .debug_loc     0x00000000      0x108 rs232.o
 .debug_loc     0x00000108       0x31 parser.o

.debug_macinfo
 *(.debug_macinfo)
OUTPUT(Typhoon.elf elf32-avr)
LOAD linker stubs
